// Jest Snapshot v1, https://goo.gl/fbAQLP

exports[`layout layout is MatchSnapshot 1`] = `undefined`;
